Archive member included because of file (symbol)

S:\EMMicro\emBeacon6819\EMBCxx_beacon\lib\nvm_apl.a(calc_crc_data_apl.o)
                              S:\EMMicro\emBeacon6819\EMBCxx_beacon\project\EMBC01\build\main.o (Calc_CRC_Data_Apl)
S:\EMMicro\emBeacon6819\EMBCxx_beacon\lib\iddata.a(iddata.o)
                              S:\EMMicro\emBeacon6819\EMBCxx_beacon\project\EMBC01\build\main.o (GetStaticIdDataPacket)
C:/opt/Raisonance/Ride/GNU/c816-gcc/c816/lib/libc_small_rom_sc_lhc.a(d:/repository/xestuff/mklibs/./obj/srsh/memcpy.o)
                              S:\EMMicro\emBeacon6819\EMBCxx_beacon\project\EMBC01\build\eddystone.o (memcpy)
C:\opt\Raisonance\Ride\GNU\c816-gcc\lib\gcc-lib\c816\egcs-2.91.02/libgcc_hc.a(divmodsi4.o)
                              S:\EMMicro\emBeacon6819\EMBCxx_beacon\project\EMBC01\build\temperature.o (divmodsi4)
C:\opt\Raisonance\Ride\GNU\c816-gcc\lib\gcc-lib\c816\egcs-2.91.02/libgcc_hc.a(mulhi3.o)
                              S:\EMMicro\emBeacon6819\EMBCxx_beacon\project\EMBC01\build\main.o (mulhi3)
C:\opt\Raisonance\Ride\GNU\c816-gcc\lib\gcc-lib\c816\egcs-2.91.02/libgcc_hc.a(mulhisi3.o)
                              S:\EMMicro\emBeacon6819\EMBCxx_beacon\project\EMBC01\build\temperature.o (mulhisi3)
C:\opt\Raisonance\Ride\GNU\c816-gcc\lib\gcc-lib\c816\egcs-2.91.02/libgcc_hc.a(mulsi3.o)
                              S:\EMMicro\emBeacon6819\EMBCxx_beacon\project\EMBC01\build\main.o (mulsi3)
C:\opt\Raisonance\Ride\GNU\c816-gcc\lib\gcc-lib\c816\egcs-2.91.02/libgcc_hc.a(udivmodhi4.o)
                              S:\EMMicro\emBeacon6819\EMBCxx_beacon\project\EMBC01\build\main.o (udivmodhi4)
C:\opt\Raisonance\Ride\GNU\c816-gcc\lib\gcc-lib\c816\egcs-2.91.02/libgcc_hc.a(udivmodsi4.o)
                              S:\EMMicro\emBeacon6819\EMBCxx_beacon\project\EMBC01\build\main.o (udivmodsi4)
C:\opt\Raisonance\Ride\GNU\c816-gcc\lib\gcc-lib\c816\egcs-2.91.02/libgcc_hc.a(umodqi3.o)
                              S:\EMMicro\emBeacon6819\EMBCxx_beacon\project\EMBC01\build\main.o (umodqi3)

Memory Configuration

Name             Origin             Length             Attributes
prog_rom         0x00100000         0x00005f00
data_rom         0x00014000         0x00002f80
parameters       0x00016f40         0x0000005c
FirmwareVersion  0x00016f9c         0x00000004
data_rom_row_61  0x00016fa0         0x00000020
data_rom_row_62  0x00016fc0         0x00000020
ram_0            0x00000080         0x0000007c
ram              0x00000100         0x00000180
reg              0x00000280         0x00000020
regMSB           0x00000330         0x00000010
*default*        0x00000000         0xffffffff

Linker script and memory map

LOAD C:\opt\Raisonance\Ride\lib\C816\templates\EM6819F6-B300\crt0.o
LOAD S:\EMMicro\emBeacon6819\EMBCxx_beacon\project\EMBC01\build\EMBC01.elf.wrapp.o
LOAD S:\EMMicro\emBeacon6819\EMBCxx_beacon\project\EMBC01\build\altbeacon.o
LOAD S:\EMMicro\emBeacon6819\EMBCxx_beacon\project\EMBC01\build\hci.o
LOAD S:\EMMicro\emBeacon6819\EMBCxx_beacon\project\EMBC01\build\hci_9301.o
LOAD S:\EMMicro\emBeacon6819\EMBCxx_beacon\project\EMBC01\build\lfsr.o
LOAD S:\EMMicro\emBeacon6819\EMBCxx_beacon\project\EMBC01\build\main.o
LOAD S:\EMMicro\emBeacon6819\EMBCxx_beacon\project\EMBC01\build\params.o
LOAD S:\EMMicro\emBeacon6819\EMBCxx_beacon\project\EMBC01\build\spi_6819.o
LOAD S:\EMMicro\emBeacon6819\EMBCxx_beacon\project\EMBC01\build\temperature.o
LOAD S:\EMMicro\emBeacon6819\EMBCxx_beacon\lib\nvm_apl.a
LOAD S:\EMMicro\emBeacon6819\EMBCxx_beacon\lib\iddata.a
LOAD S:\EMMicro\emBeacon6819\EMBCxx_beacon\project\EMBC01\build\eddystone.o
LOAD S:\EMMicro\emBeacon6819\EMBCxx_beacon\project\EMBC01\build\rssi.o
LOAD S:\EMMicro\emBeacon6819\EMBCxx_beacon\project\EMBC01\build\statemachine.o
LOAD C:\opt\Raisonance\Ride\lib\C816\templates\EM6819F6-B300\Monitor.o
                0x00016f3f                lastdataromaddress = 0x16f3f
                0x0000027f                _estack = 0x27f
                0x00000000                RegSysCfg1 = 0x0
                0x00000001                RegEnResPA = 0x1
                0x00000002                RegEnWkUpPA = 0x2
                0x00000003                RegClockCfg1 = 0x3
                0x00000004                RegClockCfg2 = 0x4
                0x00000005                RegClockCfg3 = 0x5
                0x00000006                RegResFlg = 0x6
                0x00000007                RegPrescCfg = 0x7
                0x00000008                RegPresc1Val = 0x8
                0x00000009                RegPresc2Val = 0x9
                0x0000000a                RegPADIn = 0xa
                0x0000000b                RegPADOut = 0xb
                0x0000000c                RegPAInpE = 0xc
                0x0000000d                RegPAOE = 0xd
                0x0000000e                RegPAPU = 0xe
                0x0000000f                RegPAPD = 0xf
                0x00000010                RegPAOD = 0x10
                0x00000011                RegPAOutCfg0 = 0x11
                0x00000012                RegPAOutCfg1 = 0x12
                0x00000013                RegPADebCfg1 = 0x13
                0x00000014                RegPADebCfg2 = 0x14
                0x00000015                RegPAIntEdg = 0x15
                0x00000016                RegPBDIn = 0x16
                0x00000017                RegPBDOut = 0x17
                0x00000018                RegPBInpE = 0x18
                0x00000019                RegPBOE = 0x19
                0x0000001a                RegPBPU = 0x1a
                0x0000001b                RegPBPD = 0x1b
                0x0000001c                RegPBOD = 0x1c
                0x0000001d                RegPBOutCfg0 = 0x1d
                0x0000001e                RegPBOutCfg1 = 0x1e
                0x0000001f                RegPCDIn = 0x1f
                0x00000020                RegPCDOut = 0x20
                0x00000021                RegPCInpE = 0x21
                0x00000022                RegPCOE = 0x22
                0x00000023                RegPCPU = 0x23
                0x00000024                RegPCPD = 0x24
                0x00000025                RegPCOD = 0x25
                0x00000026                RegPCOutCfg0 = 0x26
                0x00000027                RegPCOutCfg1 = 0x27
                0x00000028                RegPCDebCfg1 = 0x28
                0x00000029                RegPCDebCfg2 = 0x29
                0x0000002a                RegPCIntEdg = 0x2a
                0x0000002b                RegGaspDIn = 0x2b
                0x0000002c                RegGaspDOut = 0x2c
                0x0000002d                RegGaspMode = 0x2d
                0x0000002e                RegDoCPM1L = 0x2e
                0x0000002f                RegDoCPM1M = 0x2f
                0x00000030                RegDoCPM2L = 0x30
                0x00000031                RegDoCPM2M = 0x31
                0x00000032                RegDoCPM3L = 0x32
                0x00000033                RegDoCPM3M = 0x33
                0x00000034                RegDoCDM1L = 0x34
                0x00000035                RegDoCDM1M = 0x35
                0x00000036                RegDoCEn = 0x36
                0x00000037                RegDoCStat = 0x37
                0x00000038                RegCRC16DIn = 0x38
                0x00000039                RegCRC16L = 0x39
                0x0000003a                RegCRC16M = 0x3a
                0x0000003b                RegTimersCfg = 0x3b
                0x0000003c                RegTimersStart = 0x3c
                0x0000003d                RegTim1Cfg = 0x3d
                0x0000003e                RegTim1CptCmpCfg = 0x3e
                0x0000003f                RegTim1Status = 0x3f
                0x00000040                RegTim1Full = 0x40
                0x00000041                RegTim1CmpVal = 0x41
                0x00000042                RegTim1CptVal = 0x42
                0x00000043                RegTim2Cfg = 0x43
                0x00000044                RegTim2CptCmpCfg = 0x44
                0x00000045                RegTim2Status = 0x45
                0x00000046                RegTim2Full = 0x46
                0x00000047                RegTim2CmpVal = 0x47
                0x00000048                RegTim2CptVal = 0x48
                0x00000049                RegTim3Cfg = 0x49
                0x0000004a                RegTim3CptCmpCfg = 0x4a
                0x0000004b                RegTim3Status = 0x4b
                0x0000004c                RegTim3Full = 0x4c
                0x0000004d                RegTim3CmpVal = 0x4d
                0x0000004e                RegTim3CptVal = 0x4e
                0x0000004f                RegTim4Cfg = 0x4f
                0x00000050                RegTim4CptCmpCfg = 0x50
                0x00000051                RegTim4Status = 0x51
                0x00000052                RegTim4Full = 0x52
                0x00000053                RegTim4CmpVal = 0x53
                0x00000054                RegTim4CptVal = 0x54
                0x00000055                RegADCCfg1 = 0x55
                0x00000056                RegADCCfg2 = 0x56
                0x00000057                RegADCOut0 = 0x57
                0x00000058                RegADCOut1 = 0x58
                0x00000059                RegADCOffsetL = 0x59
                0x0000005a                RegADCOffsetM = 0x5a
                0x0000005b                RegOpAmpCfg1 = 0x5b
                0x0000005c                RegOpAmpCfg2 = 0x5c
                0x0000005d                RegDCDCCfg = 0x5d
                0x0000005e                RegVLDCfg1 = 0x5e
                0x0000005f                RegVLDCfg2 = 0x5f
                0x00000060                RegBgrCfg = 0x60
                0x00000061                RegInt0Sts = 0x61
                0x00000062                RegInt1Sts = 0x62
                0x00000063                RegInt2Sts = 0x63
                0x00000064                RegInt0Msk = 0x64
                0x00000065                RegInt1Msk = 0x65
                0x00000066                RegInt2Msk = 0x66
                0x00000067                RegInt0PostMsk = 0x67
                0x00000068                RegInt1PostMsk = 0x68
                0x00000069                RegInt2PostMsk = 0x69
                0x0000006a                RegIntPortSrc = 0x6a
                0x0000006b                RegEvtSts = 0x6b
                0x0000006c                RegEvtCfg = 0x6c
                0x0000006d                RegWDCfg = 0x6d
                0x0000006e                RegWDKey = 0x6e
                0x0000006f                RegWDLdValL = 0x6f
                0x00000070                RegWDLdValM = 0x70
                0x00000071                RegWDStatL = 0x71
                0x00000072                RegWDStatM = 0x72
                0x00000073                RegSCCfg = 0x73
                0x00000074                RegSCLdVal0 = 0x74
                0x00000075                RegSCLdVal1 = 0x75
                0x00000076                RegSCLdVal2 = 0x76
                0x00000077                RegSCStat0 = 0x77
                0x00000078                RegSCStat1 = 0x78
                0x00000079                RegSCStat2 = 0x79
                0x0000007a                RegSPICfg1 = 0x7a
                0x0000007b                RegSPICfg2 = 0x7b
                0x0000007c                RegSPIStart = 0x7c
                0x0000007d                RegSPIDIn = 0x7d
                0x0000007e                RegSPIDOut = 0x7e
                0x00000280                RegCacheB00 = 0x280
                0x00000281                RegCacheB01 = 0x281
                0x00000282                RegCacheB02 = 0x282
                0x00000283                RegCacheB03 = 0x283
                0x00000284                RegCacheB04 = 0x284
                0x00000285                RegCacheB05 = 0x285
                0x00000286                RegCacheB06 = 0x286
                0x00000287                RegCacheB07 = 0x287
                0x00000288                RegCacheB08 = 0x288
                0x00000289                RegCacheB09 = 0x289
                0x0000028a                RegCacheB10 = 0x28a
                0x0000028b                RegCacheB11 = 0x28b
                0x0000028c                RegCacheB12 = 0x28c
                0x0000028d                RegCacheB13 = 0x28d
                0x0000028e                RegCacheB14 = 0x28e
                0x0000028f                RegCacheB15 = 0x28f
                0x00000290                RegCacheB16 = 0x290
                0x00000291                RegCacheB17 = 0x291
                0x00000292                RegCacheB18 = 0x292
                0x00000293                RegCacheB19 = 0x293
                0x00000294                RegCacheB20 = 0x294
                0x00000295                RegCacheB21 = 0x295
                0x00000296                RegCacheB22 = 0x296
                0x00000297                RegCacheB23 = 0x297
                0x00000298                RegCacheB24 = 0x298
                0x00000299                RegCacheB25 = 0x299
                0x0000029a                RegCacheB26 = 0x29a
                0x0000029b                RegCacheB27 = 0x29b
                0x0000029c                RegCacheB28 = 0x29c
                0x0000029d                RegCacheB29 = 0x29d
                0x0000029e                RegCacheB30 = 0x29e
                0x0000029f                RegCacheB31 = 0x29f
                0x000002a0                RegCacheCfg1 = 0x2a0
                0x000002a1                RegCacheCfg2 = 0x2a1
                0x000002a2                RegTrimOsc15M = 0x2a2
                0x000002a3                RegTrimOsc2M = 0x2a3
                0x000002a4                RegTrimVLD = 0x2a4
                0x000002a5                RegStsCStart = 0x2a5
                0x000002a6                RegStsEnOsc = 0x2a6
                0x000002a7                RegCkSw1 = 0x2a7
                0x000002a8                RegCkSw2 = 0x2a8
                0x00000330                RegCacheMSB00 = 0x330
                0x00000331                RegCacheMSB01 = 0x331
                0x00000332                RegCacheMSB02 = 0x332
                0x00000333                RegCacheMSB03 = 0x333
                0x00000334                RegCacheMSB04 = 0x334
                0x00000335                RegCacheMSB05 = 0x335
                0x00000336                RegCacheMSB06 = 0x336
                0x00000337                RegCacheMSB07 = 0x337
                0x00000338                RegCacheMSB08 = 0x338
                0x00000339                RegCacheMSB09 = 0x339
                0x0000033a                RegCacheMSB10 = 0x33a
                0x0000033b                RegCacheMSB11 = 0x33b
                0x0000033c                RegCacheMSB12 = 0x33c
                0x0000033d                RegCacheMSB13 = 0x33d
                0x0000033e                RegCacheMSB14 = 0x33e
                0x0000033f                RegCacheMSB15 = 0x33f
                0x00006fe0                _srow_63 = 0x6fe0
                0x00000010                PROVIDE (Handle_Irq_Port2, 0x10)
                0x00000010                PROVIDE (Handle_Irq_Port1, 0x10)
                0x00000010                PROVIDE (Handle_Irq_Tim2, 0x10)
                0x00000010                PROVIDE (Handle_Irq_Tim3, 0x10)
                0x00000010                PROVIDE (Handle_Irq_OpAmp, 0x10)
                0x00000010                PROVIDE (Handle_Irq_Presc1B, 0x10)
                0x00000010                PROVIDE (Handle_Irq_SPI_STOP, 0x10)
                0x00000010                PROVIDE (Handle_Irq_SPI_START, 0x10)
                0x00000010                PROVIDE (Handle_Irq_VLD, 0x10)
                0x00000010                PROVIDE (Handle_Irq_SlpCnt, 0x10)
                0x00000010                PROVIDE (Handle_Irq_Port7, 0x10)
                0x00000010                PROVIDE (Handle_Irq_Port6, 0x10)
                0x00000010                PROVIDE (Handle_Irq_Port5, 0x10)
                0x00000010                PROVIDE (Handle_Irq_Port4, 0x10)
                0x00000010                PROVIDE (Handle_Irq_Port3, 0x10)
                0x00000010                PROVIDE (Handle_Irq_Tim4, 0x10)
                0x00000010                PROVIDE (Handle_Irq_Port0, 0x10)
                0x00000010                PROVIDE (Handle_Irq_Tim1, 0x10)
                0x00000010                PROVIDE (Handle_Irq_Presc11Hz, 0x10)
                0x00000010                PROVIDE (Handle_Irq_ADC, 0x10)
                0x00000010                PROVIDE (Handle_Irq_DoCDM, 0x10)
                0x00000010                PROVIDE (Handle_Irq_DoCPM, 0x10)
                0x00000010                PROVIDE (Handle_Irq_Gasp, 0x10)
                0x00000010                PROVIDE (Handle_Irq_PMMiss, 0x10)
                0x00000000                PROVIDE (_GASP_DOC_Monitor_Reset, 0x0)

.shbss          0x00000100        0x0
                0x00000100                _sshbss = .
 *(.shbss)
                0x00000100                _eshbss = .

.page0_bss      0x00000080       0x24
                0x00000080                _spage0bss = .
 *(.page0_bss)
 .page0_bss     0x00000080        0x8 C:\opt\Raisonance\Ride\lib\C816\templates\EM6819F6-B300\crt0.o
                0x00000080                __spill
 .page0_bss     0x00000088        0x5 S:\EMMicro\emBeacon6819\EMBCxx_beacon\project\EMBC01\build\hci_9301.o
                0x00000088                EM9301_RfActivitySense
                0x00000089                EM_RF_Cal_Values
 .page0_bss     0x0000008d        0xe S:\EMMicro\emBeacon6819\EMBCxx_beacon\project\EMBC01\build\main.o
                0x00000099                mBatteryMilliVolt
                0x00000094                usePacketDownCount
                0x00000095                packetDownCounter
                0x00000097                em9301PowerState
 .page0_bss     0x0000009b        0x2 S:\EMMicro\emBeacon6819\EMBCxx_beacon\project\EMBC01\build\temperature.o
                0x0000009b                mTemperatureReading
 .page0_bss     0x0000009d        0x1 S:\EMMicro\emBeacon6819\EMBCxx_beacon\project\EMBC01\build\eddystone.o
                0x0000009d                eddystone_tx_power
 .page0_bss     0x0000009e        0x6 S:\EMMicro\emBeacon6819\EMBCxx_beacon\project\EMBC01\build\statemachine.o
                0x0000009f                advMachines
                0x000000a2                maskRingCurrent
                0x0000009e                advModes
                0x000000a0                maskRingEnd
                0x000000a4                _epage0bss = .

.bss            0x00000100       0x26
                0x00000100                _sbss = .
 *(.bss)
 .bss           0x00000100       0x20 S:\EMMicro\emBeacon6819\EMBCxx_beacon\project\EMBC01\build\hci.o
                0x00000100                spi_inbuf
 .bss           0x00000120        0x6 S:\EMMicro\emBeacon6819\EMBCxx_beacon\project\EMBC01\build\statemachine.o
                0x00000120                maskRing
 *(COMMON)
                0x00000126                _ebss = .
                0x00000126                _heapBottom = .

.text           0x00100000     0x4490
                0x00100000                _stext = .
 *(.text)
 .text          0x00100000      0x5f8 C:\opt\Raisonance\Ride\lib\C816\templates\EM6819F6-B300\crt0.o
                0x00100000                _start
 .text          0x001005f8       0xb8 S:\EMMicro\emBeacon6819\EMBCxx_beacon\project\EMBC01\build\altbeacon.o
                0x00100668                UpdateDynamicAltBcnData
                0x001006a4                GetAltBcnPacketRef
                0x001005f8                SetStaticAltBcnData
 .text          0x001006b0      0x370 S:\EMMicro\emBeacon6819\EMBCxx_beacon\project\EMBC01\build\hci.o
                0x001008b8                HCI_LE_Read
                0x0010094c                HCI_LE_Set_Advertise_Enable
                0x00100710                HCI_LE_Send
                0x00100974                SendAdvertisement
                0x001006b0                HCI_WaitCommandComplete
 .text          0x00100a20      0x6d4 S:\EMMicro\emBeacon6819\EMBCxx_beacon\project\EMBC01\build\hci_9301.o
                0x00100dbc                Set9301PowerMode
                0x00100ba0                RFCalibration
                0x00100de4                Check9301
                0x00100d44                PowerUp9301
                0x00100a48                Determine9301DieRev
                0x00100b50                RFCalIsInLimits
                0x00100b2c                GetRFCal_modulator
                0x00100a20                Enable9301ActivitySignal
                0x00100b08                GetRFCal_vco
 .text          0x001010f4       0x20 S:\EMMicro\emBeacon6819\EMBCxx_beacon\project\EMBC01\build\lfsr.o
                0x001010f4                LfsrNextState
 .text          0x00101114     0x1c84 S:\EMMicro\emBeacon6819\EMBCxx_beacon\project\EMBC01\build\main.o
                0x0010130c                GetDeviceSeed
                0x001018fc                RunCurrentTests
                0x001017cc                SetupGPIODefaults
                0x00101ef8                InitChip
                0x00102420                SetupDCDC
                0x0010195c                MeasureLight
                0x00101158                ReloadSleepCounter
                0x00101574                GetPowerFromMode
                0x00101268                Scale8K
                0x001012e0                RefreshSC
                0x001016a8                InitParams
                0x001013c8                Calibrate8KTimer
                0x00101130                SC_TickWait
                0x001015f0                AckNextModeWithLED
                0x001025dc                UpdateDynamicPacketData
                0x00101630                AckStickyStateWithLED
                0x001014e4                GetIntervalFromMode
                0x001014a0                Handle_Irq_Port3
                0x00101d1c                GetBatteryLife
                0x0010117c                InitSleepCounter
                0x00102aa0                main
                0x00102424                InitBoard
                0x001023ec                InitMISO
                0x00101714                ProcessButton
                0x001014a4                EnableI2LED
                0x00101114                InitTimer12
                0x001014c4                DisableI2LED
                0x00101840                PowerDown
                0x00101880                EnterTerminalErrorState
                0x001018b0                GoToBeaconFailedMode
                0x00101350                WaitNmSec
                0x00102258                WaitForDelay
                0x00101968                MeasureBattery
                0x00102900                SendData
                0x00102030                SetupStaticPacketData
 .text          0x00102d98       0x40 S:\EMMicro\emBeacon6819\EMBCxx_beacon\project\EMBC01\build\params.o
                0x00102d98                byteCopy
 .text          0x00102dd8      0x188 S:\EMMicro\emBeacon6819\EMBCxx_beacon\project\EMBC01\build\spi_6819.o
                0x00102e60                SPI_Stop_Send
                0x00102df4                SPI_Start_Send
                0x00102e7c                SPI_Start_Read
                0x00102dd8                WaitNuSec
                0x00102ee4                SPI_Getc
                0x00102f44                SPI_Stop_Read
                0x00102e3c                SPI_Putc
 .text          0x00102f60      0x624 S:\EMMicro\emBeacon6819\EMBCxx_beacon\project\EMBC01\build\temperature.o
                0x00103058                InternalTemperature
                0x00102f60                InitTemperature
                0x00103144                MeasureTemperature
                0x00103480                TempCompensateClockFreq
                0x00103438                GetLastTemperatureCelsius
 .text          0x00103584        0x4 S:\EMMicro\emBeacon6819\EMBCxx_beacon\lib\nvm_apl.a(calc_crc_data_apl.o)
                0x00103584                Calc_CRC_Data_Apl
 .text          0x00103588       0xe4 S:\EMMicro\emBeacon6819\EMBCxx_beacon\lib\iddata.a(iddata.o)
                0x00103600                UpdateDynamicIdPacketData
                0x00103588                GetStaticIdDataPacket
 .text          0x0010366c      0x2d4 S:\EMMicro\emBeacon6819\EMBCxx_beacon\project\EMBC01\build\eddystone.o
                0x00103670                UpdateDynamicEddyStoneData
                0x001038b4                UpdateDynamicEddystonePacketData
                0x0010366c                SetStaticEddyStoneData
                0x00103674                GetEddyStonePacketRef
 .text          0x00103940       0x78 S:\EMMicro\emBeacon6819\EMBCxx_beacon\project\EMBC01\build\rssi.o
                0x00103940                GetRssiTable
                0x00103970                GetRssi
 .text          0x001039b8      0x2c8 S:\EMMicro\emBeacon6819\EMBCxx_beacon\project\EMBC01\build\statemachine.o
                0x001039d0                beaconing
                0x001039b8                getBeaconMode
                0x001039e4                InitializeBeaconMaskRing
                0x001039c4                getBeaconModeIdx
                0x00103b28                RotateModeMask
                0x00103b74                GetMode
                0x00103bf8                NextMode
 .text          0x00103c80      0x380 C:\opt\Raisonance\Ride\lib\C816\templates\EM6819F6-B300\Monitor.o
                0x00103d1c                EM6819_Monitor_Soft_Break
                0x00103d24                Handle_Irq_DoCDM
                0x00103d00                _GASP_DOC_Monitor_Reset
                0x00103d24                Handle_Irq_DoCPM
                0x00103d34                Handle_Irq_Gasp
 .text          0x00104000       0x68 C:/opt/Raisonance/Ride/GNU/c816-gcc/c816/lib/libc_small_rom_sc_lhc.a(d:/repository/xestuff/mklibs/./obj/srsh/memcpy.o)
                0x00104000                memcpy
 .text          0x00104068      0x19c C:\opt\Raisonance\Ride\GNU\c816-gcc\lib\gcc-lib\c816\egcs-2.91.02/libgcc_hc.a(divmodsi4.o)
                0x00104068                divmodsi4
 .text          0x00104204       0x20 C:\opt\Raisonance\Ride\GNU\c816-gcc\lib\gcc-lib\c816\egcs-2.91.02/libgcc_hc.a(mulhi3.o)
                0x00104204                mulhi3
 .text          0x00104224       0x60 C:\opt\Raisonance\Ride\GNU\c816-gcc\lib\gcc-lib\c816\egcs-2.91.02/libgcc_hc.a(mulhisi3.o)
                0x00104224                mulhisi3
 .text          0x00104284       0x98 C:\opt\Raisonance\Ride\GNU\c816-gcc\lib\gcc-lib\c816\egcs-2.91.02/libgcc_hc.a(mulsi3.o)
                0x00104284                mulsi3
 .text          0x0010431c       0x70 C:\opt\Raisonance\Ride\GNU\c816-gcc\lib\gcc-lib\c816\egcs-2.91.02/libgcc_hc.a(udivmodhi4.o)
                0x0010431c                udivmodhi4
 .text          0x0010438c       0xd4 C:\opt\Raisonance\Ride\GNU\c816-gcc\lib\gcc-lib\c816\egcs-2.91.02/libgcc_hc.a(udivmodsi4.o)
                0x0010438c                udivmodsi4
 .text          0x00104460       0x30 C:\opt\Raisonance\Ride\GNU\c816-gcc\lib\gcc-lib\c816\egcs-2.91.02/libgcc_hc.a(umodqi3.o)
                0x00104460                umodqi3
 *(.text*)
 *(.text.*)
                0x00104490                _etext = .
                0x00104490                _eprom = .
                0x00004490                _sizetext32 = (_etext - _stext)
                0x00002248                _sizetext16 = ((_sizetext32 * 0x10) / 0x20)

.pad_ro_data___no_count_size_
                0x00014000     0x2248
                0x00016248                . = (. + _sizetext16)
 *fill*         0x00014000     0x2248 00

.rodata         0x00016248       0xa4
                0x00016260                . = ALIGN (0x20)
 *fill*         0x00016248       0x18 00
                0x00016260                _srodata = .
 *(.rodata)
 .rodata        0x00016260       0x48 S:\EMMicro\emBeacon6819\EMBCxx_beacon\project\EMBC01\build\hci.o
 .rodata        0x000162a8       0x14 S:\EMMicro\emBeacon6819\EMBCxx_beacon\project\EMBC01\build\main.o
                0x000162b1                maxPktCount
 .rodata        0x000162bc       0x10 S:\EMMicro\emBeacon6819\EMBCxx_beacon\lib\iddata.a(iddata.o)
                0x000162bc                di07_measuredPower
                0x000162c4                di10_measuredPower
 .rodata        0x000162cc       0x10 S:\EMMicro\emBeacon6819\EMBCxx_beacon\project\EMBC01\build\rssi.o
 .rodata        0x000162dc       0x10 S:\EMMicro\emBeacon6819\EMBCxx_beacon\project\EMBC01\build\statemachine.o
                0x000162dc                CoinCustomModes
                0x000162e2                ProductStateModes
                0x000162ec                _erodata = .
                0x000162ec                _sipage0data = _erodata
                0x0000008c                _sizerodata = (_erodata - _srodata)

.page0_data     0x000000a4       0x48 load address 0x000162ec
                0x000000a4                _spage0data = .
 *(.page0_data)
 .page0_data    0x000000a4        0x5 S:\EMMicro\emBeacon6819\EMBCxx_beacon\project\EMBC01\build\hci.o
                0x000000a8                spi_inBytes
 .page0_data    0x000000a9       0x1c S:\EMMicro\emBeacon6819\EMBCxx_beacon\project\EMBC01\build\hci_9301.o
                0x000000b9                EM_Read_RF_Command
                0x000000b5                EM_Set_RF_AutoCal_Config
                0x000000c3                RFCalEventCounter
                0x000000b1                EM_Set_RF_Activity
                0x000000bf                EM9301_Rev
                0x000000c1                EM9301_FeatureSet
                0x000000ad                EM_Set_RF_Power
                0x000000c2                RFCalState
                0x000000a9                EM_Set_Power_Mode
 .page0_data    0x000000c5        0xb S:\EMMicro\emBeacon6819\EMBCxx_beacon\project\EMBC01\build\main.o
 .page0_data    0x000000d0       0x11 S:\EMMicro\emBeacon6819\EMBCxx_beacon\project\EMBC01\build\temperature.o
 .page0_data    0x000000e1        0x8 S:\EMMicro\emBeacon6819\EMBCxx_beacon\project\EMBC01\build\eddystone.o
                0x000000e1                eddystone_AdvertisingCount
                0x000000e5                eddystone_UpTime
 .page0_data    0x000000e9        0x3 S:\EMMicro\emBeacon6819\EMBCxx_beacon\project\EMBC01\build\statemachine.o
                0x000000e9                beaconMode
                0x000000eb                beaconModeIdx
                0x000000ec                _epage0data = .
                0x00000048                _sizepage0data = (_epage0data - _spage0data)
                0x00016334                _eipage0data = (_sipage0data + _sizepage0data)
                0x00016334                _sidata = _eipage0data

.data           0x00000126       0xc0 load address 0x00016334
                0x00000126                _sdata = .
 *(.data)
 .data          0x00000126       0x23 S:\EMMicro\emBeacon6819\EMBCxx_beacon\project\EMBC01\build\altbeacon.o
                0x00000126                AltBcnPacket
 .data          0x00000149       0x13 S:\EMMicro\emBeacon6819\EMBCxx_beacon\project\EMBC01\build\hci_9301.o
                0x0000014e                EM_Write_RF_Cal_Values
                0x00000153                EM_Set_Public_Address
                0x00000149                EM_Set_RF_Initialization_Config
 .data          0x0000015c       0x35 S:\EMMicro\emBeacon6819\EMBCxx_beacon\project\EMBC01\build\main.o
                0x0000016e                EMAdvertisingPacket
                0x0000015c                AdvertisingParams
 .data          0x00000191       0x10 S:\EMMicro\emBeacon6819\EMBCxx_beacon\project\EMBC01\build\temperature.o
 .data          0x000001a1       0x22 S:\EMMicro\emBeacon6819\EMBCxx_beacon\lib\iddata.a(iddata.o)
 .data          0x000001c3       0x23 S:\EMMicro\emBeacon6819\EMBCxx_beacon\project\EMBC01\build\eddystone.o
                0x000001c3                EddyStone_Packet
                0x000001e6                _edata = .
                0x000000c0                _sizedata = (_edata - _sdata)
                0x000163f4                _eidata = (_sidata + _sizedata)
                0x00000000                toobig = (_eidata > lastdataromaddress)?!!!!!!!!! NVM IS FULL !!!!!!!!!:0x0

.parameters     0x00016f40       0x5c
                0x00016f40                _sparameters = .
 *(.parameters)
 .parameters    0x00016f40       0x5c S:\EMMicro\emBeacon6819\EMBCxx_beacon\project\EMBC01\build\params.o
                0x00016f40                AdvParams
                0x00016f9c                _eparamseters = .

.FirmwareVersion
                0x00016f9c        0x4
                0x00016f9c                FirmwareVersion = .
 *(.FirmwareVersion)
 .FirmwareVersion
                0x00016f9c        0x4 S:\EMMicro\emBeacon6819\EMBCxx_beacon\project\EMBC01\build\main.o
                0x00016fa0                _eFirmwareVersion = .

.row_61         0x00016fa0       0x20
                0x00016fa0                _srow_61 = .
 *(.row_61)
 .row_61        0x00016fa0       0x20 C:\opt\Raisonance\Ride\lib\C816\templates\EM6819F6-B300\crt0.o
                0x00016fc0                _erow_61 = .

.row_62         0x00016fc0        0x0
                0x00016fc0                _srow_62 = .
 *(.row_62)
                0x00016fc0                _erow_62 = .

.stab           0x00000000      0x108
 *(.stab)
 .stab          0x00000000      0x108 S:\EMMicro\emBeacon6819\EMBCxx_beacon\lib\nvm_apl.a(calc_crc_data_apl.o)

.stabstr        0x00000108      0x1b8
 *(.stabstr)
 .stabstr       0x00000108      0x1b8 S:\EMMicro\emBeacon6819\EMBCxx_beacon\lib\nvm_apl.a(calc_crc_data_apl.o)
                                  0x0 (size before relaxing)
LOAD C:/opt/Raisonance/Ride/GNU/c816-gcc/c816/lib/libc_small_rom_sc_lhc.a
LOAD C:/opt/Raisonance/Ride/GNU/c816-gcc/c816/lib/libm_small_rom_sc_lhc.a
LOAD C:\opt\Raisonance\Ride\GNU\c816-gcc\lib\gcc-lib\c816\egcs-2.91.02/libgcc_hc.a
LOAD C:/opt/Raisonance/Ride/GNU/c816-gcc/c816/lib/libgcc.a
LOAD C:/opt/Raisonance/Ride/GNU/c816-gcc/c816/lib/libc_huge.a
LOAD C:/opt/Raisonance/Ride/GNU/c816-gcc/c816/lib/libm_huge.a
LOAD C:/opt/Raisonance/Ride/GNU/c816-gcc/c816/lib/libgcc.a
OUTPUT(S:\EMMicro\emBeacon6819\EMBCxx_beacon\project\EMBC01\build\EMBC01.elf elf32-c816)

.debug_abbrev   0x00000000     0x1184
 .debug_abbrev  0x00000000      0x171 S:\EMMicro\emBeacon6819\EMBCxx_beacon\project\EMBC01\build\altbeacon.o
 .debug_abbrev  0x00000171      0x1f6 S:\EMMicro\emBeacon6819\EMBCxx_beacon\project\EMBC01\build\hci.o
 .debug_abbrev  0x00000367      0x206 S:\EMMicro\emBeacon6819\EMBCxx_beacon\project\EMBC01\build\hci_9301.o
 .debug_abbrev  0x0000056d       0x5f S:\EMMicro\emBeacon6819\EMBCxx_beacon\project\EMBC01\build\lfsr.o
 .debug_abbrev  0x000005cc      0x1f7 S:\EMMicro\emBeacon6819\EMBCxx_beacon\project\EMBC01\build\main.o
 .debug_abbrev  0x000007c3      0x11e S:\EMMicro\emBeacon6819\EMBCxx_beacon\project\EMBC01\build\params.o
 .debug_abbrev  0x000008e1      0x163 S:\EMMicro\emBeacon6819\EMBCxx_beacon\project\EMBC01\build\spi_6819.o
 .debug_abbrev  0x00000a44      0x17f S:\EMMicro\emBeacon6819\EMBCxx_beacon\project\EMBC01\build\temperature.o
 .debug_abbrev  0x00000bc3      0x166 S:\EMMicro\emBeacon6819\EMBCxx_beacon\lib\iddata.a(iddata.o)
 .debug_abbrev  0x00000d29      0x1a9 S:\EMMicro\emBeacon6819\EMBCxx_beacon\project\EMBC01\build\eddystone.o
 .debug_abbrev  0x00000ed2      0x146 S:\EMMicro\emBeacon6819\EMBCxx_beacon\project\EMBC01\build\rssi.o
 .debug_abbrev  0x00001018      0x16c S:\EMMicro\emBeacon6819\EMBCxx_beacon\project\EMBC01\build\statemachine.o

.debug_info     0x00000000     0x6b26
 .debug_info    0x00000000      0x94c S:\EMMicro\emBeacon6819\EMBCxx_beacon\project\EMBC01\build\altbeacon.o
 .debug_info    0x0000094c      0x84a S:\EMMicro\emBeacon6819\EMBCxx_beacon\project\EMBC01\build\hci.o
 .debug_info    0x00001196      0x990 S:\EMMicro\emBeacon6819\EMBCxx_beacon\project\EMBC01\build\hci_9301.o
 .debug_info    0x00001b26       0xa8 S:\EMMicro\emBeacon6819\EMBCxx_beacon\project\EMBC01\build\lfsr.o
 .debug_info    0x00001bce     0x163d S:\EMMicro\emBeacon6819\EMBCxx_beacon\project\EMBC01\build\main.o
 .debug_info    0x0000320b      0x7fd S:\EMMicro\emBeacon6819\EMBCxx_beacon\project\EMBC01\build\params.o
 .debug_info    0x00003a08      0x4ad S:\EMMicro\emBeacon6819\EMBCxx_beacon\project\EMBC01\build\spi_6819.o
 .debug_info    0x00003eb5      0x5be S:\EMMicro\emBeacon6819\EMBCxx_beacon\project\EMBC01\build\temperature.o
 .debug_info    0x00004473      0x853 S:\EMMicro\emBeacon6819\EMBCxx_beacon\lib\iddata.a(iddata.o)
 .debug_info    0x00004cc6      0xd0e S:\EMMicro\emBeacon6819\EMBCxx_beacon\project\EMBC01\build\eddystone.o
 .debug_info    0x000059d4      0x83a S:\EMMicro\emBeacon6819\EMBCxx_beacon\project\EMBC01\build\rssi.o
 .debug_info    0x0000620e      0x918 S:\EMMicro\emBeacon6819\EMBCxx_beacon\project\EMBC01\build\statemachine.o

.debug_line     0x00000000     0x2a9f
 .debug_line    0x00000000      0x278 S:\EMMicro\emBeacon6819\EMBCxx_beacon\project\EMBC01\build\altbeacon.o
 .debug_line    0x00000278      0x3ab S:\EMMicro\emBeacon6819\EMBCxx_beacon\project\EMBC01\build\hci.o
 .debug_line    0x00000623      0x4e8 S:\EMMicro\emBeacon6819\EMBCxx_beacon\project\EMBC01\build\hci_9301.o
 .debug_line    0x00000b0b       0xfd S:\EMMicro\emBeacon6819\EMBCxx_beacon\project\EMBC01\build\lfsr.o
 .debug_line    0x00000c08      0xceb S:\EMMicro\emBeacon6819\EMBCxx_beacon\project\EMBC01\build\main.o
 .debug_line    0x000018f3      0x212 S:\EMMicro\emBeacon6819\EMBCxx_beacon\project\EMBC01\build\params.o
 .debug_line    0x00001b05      0x279 S:\EMMicro\emBeacon6819\EMBCxx_beacon\project\EMBC01\build\spi_6819.o
 .debug_line    0x00001d7e      0x2fa S:\EMMicro\emBeacon6819\EMBCxx_beacon\project\EMBC01\build\temperature.o
 .debug_line    0x00002078      0x19b S:\EMMicro\emBeacon6819\EMBCxx_beacon\lib\iddata.a(iddata.o)
 .debug_line    0x00002213      0x356 S:\EMMicro\emBeacon6819\EMBCxx_beacon\project\EMBC01\build\eddystone.o
 .debug_line    0x00002569      0x23a S:\EMMicro\emBeacon6819\EMBCxx_beacon\project\EMBC01\build\rssi.o
 .debug_line    0x000027a3      0x2fc S:\EMMicro\emBeacon6819\EMBCxx_beacon\project\EMBC01\build\statemachine.o

.debug_pubnames
                0x00000000      0xa9a
 .debug_pubnames
                0x00000000       0x6e S:\EMMicro\emBeacon6819\EMBCxx_beacon\project\EMBC01\build\altbeacon.o
 .debug_pubnames
                0x0000006e       0xa2 S:\EMMicro\emBeacon6819\EMBCxx_beacon\project\EMBC01\build\hci.o
 .debug_pubnames
                0x00000110      0x210 S:\EMMicro\emBeacon6819\EMBCxx_beacon\project\EMBC01\build\hci_9301.o
 .debug_pubnames
                0x00000320       0x24 S:\EMMicro\emBeacon6819\EMBCxx_beacon\project\EMBC01\build\lfsr.o
 .debug_pubnames
                0x00000344      0x343 S:\EMMicro\emBeacon6819\EMBCxx_beacon\project\EMBC01\build\main.o
 .debug_pubnames
                0x00000687       0x2d S:\EMMicro\emBeacon6819\EMBCxx_beacon\project\EMBC01\build\params.o
 .debug_pubnames
                0x000006b4       0x84 S:\EMMicro\emBeacon6819\EMBCxx_beacon\project\EMBC01\build\spi_6819.o
 .debug_pubnames
                0x00000738       0xa7 S:\EMMicro\emBeacon6819\EMBCxx_beacon\project\EMBC01\build\temperature.o
 .debug_pubnames
                0x000007df       0x78 S:\EMMicro\emBeacon6819\EMBCxx_beacon\lib\iddata.a(iddata.o)
 .debug_pubnames
                0x00000857       0xeb S:\EMMicro\emBeacon6819\EMBCxx_beacon\project\EMBC01\build\eddystone.o
 .debug_pubnames
                0x00000942       0x2f S:\EMMicro\emBeacon6819\EMBCxx_beacon\project\EMBC01\build\rssi.o
 .debug_pubnames
                0x00000971      0x129 S:\EMMicro\emBeacon6819\EMBCxx_beacon\project\EMBC01\build\statemachine.o

.debug_aranges  0x00000000       0xf0
 .debug_aranges
                0x00000000       0x14 S:\EMMicro\emBeacon6819\EMBCxx_beacon\project\EMBC01\build\altbeacon.o
 .debug_aranges
                0x00000014       0x14 S:\EMMicro\emBeacon6819\EMBCxx_beacon\project\EMBC01\build\hci.o
 .debug_aranges
                0x00000028       0x14 S:\EMMicro\emBeacon6819\EMBCxx_beacon\project\EMBC01\build\hci_9301.o
 .debug_aranges
                0x0000003c       0x14 S:\EMMicro\emBeacon6819\EMBCxx_beacon\project\EMBC01\build\lfsr.o
 .debug_aranges
                0x00000050       0x14 S:\EMMicro\emBeacon6819\EMBCxx_beacon\project\EMBC01\build\main.o
 .debug_aranges
                0x00000064       0x14 S:\EMMicro\emBeacon6819\EMBCxx_beacon\project\EMBC01\build\params.o
 .debug_aranges
                0x00000078       0x14 S:\EMMicro\emBeacon6819\EMBCxx_beacon\project\EMBC01\build\spi_6819.o
 .debug_aranges
                0x0000008c       0x14 S:\EMMicro\emBeacon6819\EMBCxx_beacon\project\EMBC01\build\temperature.o
 .debug_aranges
                0x000000a0       0x14 S:\EMMicro\emBeacon6819\EMBCxx_beacon\lib\iddata.a(iddata.o)
 .debug_aranges
                0x000000b4       0x14 S:\EMMicro\emBeacon6819\EMBCxx_beacon\project\EMBC01\build\eddystone.o
 .debug_aranges
                0x000000c8       0x14 S:\EMMicro\emBeacon6819\EMBCxx_beacon\project\EMBC01\build\rssi.o
 .debug_aranges
                0x000000dc       0x14 S:\EMMicro\emBeacon6819\EMBCxx_beacon\project\EMBC01\build\statemachine.o

.debug_str      0x00000000     0x1942
 .debug_str     0x00000000      0x7b3 S:\EMMicro\emBeacon6819\EMBCxx_beacon\project\EMBC01\build\altbeacon.o
                                0x7fd (size before relaxing)
 .debug_str     0x000007b3      0x103 S:\EMMicro\emBeacon6819\EMBCxx_beacon\project\EMBC01\build\hci.o
                                0x73e (size before relaxing)
 .debug_str     0x000008b6      0x228 S:\EMMicro\emBeacon6819\EMBCxx_beacon\project\EMBC01\build\hci_9301.o
                                0x8a5 (size before relaxing)
 .debug_str     0x00000ade       0x1c S:\EMMicro\emBeacon6819\EMBCxx_beacon\project\EMBC01\build\lfsr.o
                                 0xf3 (size before relaxing)
 .debug_str     0x00000afa      0x97f S:\EMMicro\emBeacon6819\EMBCxx_beacon\project\EMBC01\build\main.o
                               0x11cf (size before relaxing)
 .debug_str     0x00001479        0x9 S:\EMMicro\emBeacon6819\EMBCxx_beacon\project\EMBC01\build\params.o
                                0x6d3 (size before relaxing)
 .debug_str     0x00001482       0x94 S:\EMMicro\emBeacon6819\EMBCxx_beacon\project\EMBC01\build\spi_6819.o
                                0x398 (size before relaxing)
 .debug_str     0x00001516      0x142 S:\EMMicro\emBeacon6819\EMBCxx_beacon\project\EMBC01\build\temperature.o
                                0x4b1 (size before relaxing)
 .debug_str     0x00001658      0x10d S:\EMMicro\emBeacon6819\EMBCxx_beacon\lib\iddata.a(iddata.o)
                                0x73a (size before relaxing)
 .debug_str     0x00001765       0xf7 S:\EMMicro\emBeacon6819\EMBCxx_beacon\project\EMBC01\build\eddystone.o
                                0xb0e (size before relaxing)
 .debug_str     0x0000185c       0x21 S:\EMMicro\emBeacon6819\EMBCxx_beacon\project\EMBC01\build\rssi.o
                                0x705 (size before relaxing)
 .debug_str     0x0000187d       0xc5 S:\EMMicro\emBeacon6819\EMBCxx_beacon\project\EMBC01\build\statemachine.o
                                0x79e (size before relaxing)
